Archive member included to satisfy reference by file (symbol)

c:/program files (x86)/atmel/studio/7.0/toolchain/avr8/avr8-gnu-toolchain/bin/../lib/gcc/avr/5.4.0/avr5\libgcc.a(_mulsi3.o)
                              APP/Calculator.o (__mulsi3)
c:/program files (x86)/atmel/studio/7.0/toolchain/avr8/avr8-gnu-toolchain/bin/../lib/gcc/avr/5.4.0/avr5\libgcc.a(_udivmodqi4.o)
                              APP/Temp_Filter.o (__udivmodqi4)
c:/program files (x86)/atmel/studio/7.0/toolchain/avr8/avr8-gnu-toolchain/bin/../lib/gcc/avr/5.4.0/avr5\libgcc.a(_udivmodhi4.o)
                              APP/Temp_Filter.o (__udivmodhi4)
c:/program files (x86)/atmel/studio/7.0/toolchain/avr8/avr8-gnu-toolchain/bin/../lib/gcc/avr/5.4.0/avr5\libgcc.a(_udivmodsi4.o)
                              APP/Automatic System(MTI).o (__udivmodsi4)
c:/program files (x86)/atmel/studio/7.0/toolchain/avr8/avr8-gnu-toolchain/bin/../lib/gcc/avr/5.4.0/avr5\libgcc.a(_divmodsi4.o)
                              APP/Calculator.o (__divmodsi4)
c:/program files (x86)/atmel/studio/7.0/toolchain/avr8/avr8-gnu-toolchain/bin/../lib/gcc/avr/5.4.0/avr5\libgcc.a(_negsi2.o)
                              c:/program files (x86)/atmel/studio/7.0/toolchain/avr8/avr8-gnu-toolchain/bin/../lib/gcc/avr/5.4.0/avr5\libgcc.a(_divmodsi4.o) (__negsi2)
c:/program files (x86)/atmel/studio/7.0/toolchain/avr8/avr8-gnu-toolchain/bin/../lib/gcc/avr/5.4.0/avr5\libgcc.a(_exit.o)
                              C:/Program Files (x86)/Atmel/Studio/7.0/Packs/atmel/ATmega_DFP/1.6.364/gcc/dev/atmega32/avr5/crtatmega32.o (exit)
c:/program files (x86)/atmel/studio/7.0/toolchain/avr8/avr8-gnu-toolchain/bin/../lib/gcc/avr/5.4.0/avr5\libgcc.a(_tablejump2.o)
                              APP/RGB.o (__tablejump2__)
c:/program files (x86)/atmel/studio/7.0/toolchain/avr8/avr8-gnu-toolchain/bin/../lib/gcc/avr/5.4.0/avr5\libgcc.a(_copy_data.o)
                              APP/Automatic System(MTI).o (__do_copy_data)
c:/program files (x86)/atmel/studio/7.0/toolchain/avr8/avr8-gnu-toolchain/bin/../lib/gcc/avr/5.4.0/avr5\libgcc.a(_clear_bss.o)
                              APP/Automatic System(MTI).o (__do_clear_bss)
c:/program files (x86)/atmel/studio/7.0/toolchain/avr8/avr8-gnu-toolchain/bin/../lib/gcc/avr/5.4.0/avr5\libgcc.a(_bswapsi2.o)
                              SERVICE/UART_Services.o (__bswapsi2)
c:/program files (x86)/atmel/studio/7.0/toolchain/avr8/avr8-gnu-toolchain/bin/../lib/gcc/avr/5.4.0/avr5\libgcc.a(_umulhisi3.o)
                              APP/Automatic System(MTI).o (__umulhisi3)
c:/program files (x86)/atmel/studio/7.0/toolchain/avr8/avr8-gnu-toolchain/bin/../lib/gcc/avr/5.4.0/avr5\libgcc.a(_muluhisi3.o)
                              APP/Calculator.o (__muluhisi3)

Allocating common symbols
Common symbol       size              file

t3                  0x2               main.o
freq                0x4               main.o
volt_ref            0x2               MCAL/ADC.o
RX_Str              0x2               SERVICE/UART_Services.o
t2                  0x2               main.o
c                   0x2               main.o
t1                  0x2               main.o
des                 0x2               main.o
time                0x2               main.o
COLOR               0x1               APP/RGB.o
duty                0x1               main.o

Discarded input sections

 .data          0x00000000        0x0 C:/Program Files (x86)/Atmel/Studio/7.0/Packs/atmel/ATmega_DFP/1.6.364/gcc/dev/atmega32/avr5/crtatmega32.o
 .bss           0x00000000        0x0 C:/Program Files (x86)/Atmel/Studio/7.0/Packs/atmel/ATmega_DFP/1.6.364/gcc/dev/atmega32/avr5/crtatmega32.o
 .text          0x00000000        0x0 APP/Automatic System(MTI).o
 .data          0x00000000        0x0 APP/Automatic System(MTI).o
 .bss           0x00000000        0x0 APP/Automatic System(MTI).o
 .text.FF       0x00000000       0x26 APP/Automatic System(MTI).o
 .text.Change_Mode
                0x00000000       0x14 APP/Automatic System(MTI).o
 .text.F1       0x00000000       0x50 APP/Automatic System(MTI).o
 .text.GetDes_EXI
                0x00000000       0xca APP/Automatic System(MTI).o
 .text.System_Init
                0x00000000       0x24 APP/Automatic System(MTI).o
 .text.Ultrasonic_check
                0x00000000       0xf4 APP/Automatic System(MTI).o
 .rodata.str1.1
                0x00000000       0x53 APP/Automatic System(MTI).o
 .text.Ultrasonic_Get_Count
                0x00000000      0x1b6 APP/Automatic System(MTI).o
 .text.Smart_Mode
                0x00000000       0x14 APP/Automatic System(MTI).o
 .text.Automatic_System_Runnable
                0x00000000       0x52 APP/Automatic System(MTI).o
 .bss.buz.2133  0x00000000        0x1 APP/Automatic System(MTI).o
 .bss.flag2.2124
                0x00000000        0x1 APP/Automatic System(MTI).o
 .bss.flag1.2123
                0x00000000        0x1 APP/Automatic System(MTI).o
 .bss.des2.2119
                0x00000000        0x2 APP/Automatic System(MTI).o
 .bss.des1.2118
                0x00000000        0x2 APP/Automatic System(MTI).o
 .bss.flag2     0x00000000        0x1 APP/Automatic System(MTI).o
 .bss.flag      0x00000000        0x1 APP/Automatic System(MTI).o
 .bss.str       0x00000000       0x14 APP/Automatic System(MTI).o
 .bss.d2        0x00000000        0x4 APP/Automatic System(MTI).o
 .bss.d1        0x00000000        0x4 APP/Automatic System(MTI).o
 .bss.count     0x00000000        0x1 APP/Automatic System(MTI).o
 .bss.count2    0x00000000        0x2 APP/Automatic System(MTI).o
 .bss.count1    0x00000000        0x2 APP/Automatic System(MTI).o
 .bss.flag3     0x00000000        0x1 APP/Automatic System(MTI).o
 .bss.t2        0x00000000        0x2 APP/Automatic System(MTI).o
 .bss.t1        0x00000000        0x2 APP/Automatic System(MTI).o
 .comment       0x00000000       0x31 APP/Automatic System(MTI).o
 .text          0x00000000        0x0 APP/Calculator.o
 .data          0x00000000        0x0 APP/Calculator.o
 .bss           0x00000000        0x0 APP/Calculator.o
 .rodata.str1.1
                0x00000000       0x3b APP/Calculator.o
 .text.Calculator
                0x00000000      0x430 APP/Calculator.o
 .bss.result.1641
                0x00000000        0x4 APP/Calculator.o
 .bss.flag2.1638
                0x00000000        0x1 APP/Calculator.o
 .bss.num.1640  0x00000000        0x4 APP/Calculator.o
 .data.flag3.1639
                0x00000000        0x1 APP/Calculator.o
 .bss.flag.1637
                0x00000000        0x1 APP/Calculator.o
 .bss.i.1636    0x00000000        0x1 APP/Calculator.o
 .comment       0x00000000       0x31 APP/Calculator.o
 .text          0x00000000        0x0 APP/Converter.o
 .data          0x00000000        0x0 APP/Converter.o
 .bss           0x00000000        0x0 APP/Converter.o
 .rodata.str1.1
                0x00000000       0x9d APP/Converter.o
 .text.Converter
                0x00000000      0x71a APP/Converter.o
 .bss.flag3.1798
                0x00000000        0x1 APP/Converter.o
 .bss.i.1797    0x00000000        0x1 APP/Converter.o
 .bss.flag2.1795
                0x00000000        0x1 APP/Converter.o
 .bss.x_2.1796  0x00000000        0x1 APP/Converter.o
 .bss.num.1800  0x00000000        0x4 APP/Converter.o
 .bss.flag4.1799
                0x00000000        0x1 APP/Converter.o
 .bss.flag1.1794
                0x00000000        0x1 APP/Converter.o
 .bss.flag.1793
                0x00000000        0x1 APP/Converter.o
 .comment       0x00000000       0x31 APP/Converter.o
 .text          0x00000000        0x0 APP/Fire System.o
 .data          0x00000000        0x0 APP/Fire System.o
 .bss           0x00000000        0x0 APP/Fire System.o
 .rodata.str1.1
                0x00000000       0x21 APP/Fire System.o
 .text.fire_system
                0x00000000       0xd4 APP/Fire System.o
 .comment       0x00000000       0x31 APP/Fire System.o
 .text          0x00000000        0x0 APP/LDR_8Led.o
 .data          0x00000000        0x0 APP/LDR_8Led.o
 .bss           0x00000000        0x0 APP/LDR_8Led.o
 .text.LDR_8Led
                0x00000000       0x84 APP/LDR_8Led.o
 .comment       0x00000000       0x31 APP/LDR_8Led.o
 .text          0x00000000        0x0 APP/RGB.o
 .data          0x00000000        0x0 APP/RGB.o
 .bss           0x00000000        0x0 APP/RGB.o
 .text.Get_Color
                0x00000000       0x7e APP/RGB.o
 .progmem.gcc_sw_table.Get_Color
                0x00000000       0x14 APP/RGB.o
 .text.sh_room  0x00000000      0x106 APP/RGB.o
 .text.Colors_Change
                0x00000000       0x5e APP/RGB.o
 .bss.COLOR.2042
                0x00000000        0x1 APP/RGB.o
 .bss.FLAG      0x00000000        0x1 APP/RGB.o
 .data.flag3    0x00000000        0x1 APP/RGB.o
 .data.flag2    0x00000000        0x1 APP/RGB.o
 .data.flag     0x00000000        0x1 APP/RGB.o
 .comment       0x00000000       0x31 APP/RGB.o
 COMMON         0x00000000        0x1 APP/RGB.o
 .text          0x00000000        0x0 APP/RGB_cfg.o
 .data          0x00000000        0x0 APP/RGB_cfg.o
 .bss           0x00000000        0x0 APP/RGB_cfg.o
 .rodata.RGB_ColorArray
                0x00000000       0x1e APP/RGB_cfg.o
 .comment       0x00000000       0x31 APP/RGB_cfg.o
 .text          0x00000000        0x0 APP/Smart Home.o
 .data          0x00000000        0x0 APP/Smart Home.o
 .bss           0x00000000        0x0 APP/Smart Home.o
 .text.Smart_HomeInit
                0x00000000       0x2e APP/Smart Home.o
 .text.Smart_StringCompare
                0x00000000       0x8e APP/Smart Home.o
 .rodata.str1.1
                0x00000000       0x26 APP/Smart Home.o
 .text.Smart_SearchString
                0x00000000       0x50 APP/Smart Home.o
 .text.On_Off   0x00000000      0x152 APP/Smart Home.o
 .bss.flag      0x00000000        0x1 APP/Smart Home.o
 .comment       0x00000000       0x31 APP/Smart Home.o
 .text          0x00000000        0x0 APP/Smart_Home_cfg.o
 .data          0x00000000        0x0 APP/Smart_Home_cfg.o
 .bss           0x00000000        0x0 APP/Smart_Home_cfg.o
 .rodata.str1.1
                0x00000000       0xd3 APP/Smart_Home_cfg.o
 .rodata.arr_smart
                0x00000000       0x5c APP/Smart_Home_cfg.o
 .comment       0x00000000       0x31 APP/Smart_Home_cfg.o
 .text          0x00000000        0x0 APP/SPI_App.o
 .data          0x00000000        0x0 APP/SPI_App.o
 .bss           0x00000000        0x0 APP/SPI_App.o
 .text.App_Slave_Init
                0x00000000        0xe APP/SPI_App.o
 .rodata.str1.1
                0x00000000        0xb APP/SPI_App.o
 .text.SPI_Runnable_App
                0x00000000       0xbc APP/SPI_App.o
 .bss.flag.1927
                0x00000000        0x1 APP/SPI_App.o
 .comment       0x00000000       0x31 APP/SPI_App.o
 .text          0x00000000        0x0 APP/Temp_Filter.o
 .data          0x00000000        0x0 APP/Temp_Filter.o
 .bss           0x00000000        0x0 APP/Temp_Filter.o
 .text.Temp_FilterInit
                0x00000000       0x42 APP/Temp_Filter.o
 .text.Temp_FilterRunnable
                0x00000000       0x50 APP/Temp_Filter.o
 .text.Temp_FilterGetter
                0x00000000        0xa APP/Temp_Filter.o
 .bss.i.1650    0x00000000        0x1 APP/Temp_Filter.o
 .bss.temp_filter
                0x00000000        0x2 APP/Temp_Filter.o
 .bss.Array_Temp
                0x00000000       0x14 APP/Temp_Filter.o
 .comment       0x00000000       0x31 APP/Temp_Filter.o
 .text          0x00000000        0x0 APP/U_Sonic.o
 .data          0x00000000        0x0 APP/U_Sonic.o
 .bss           0x00000000        0x0 APP/U_Sonic.o
 .text.U_Soinc_Init
                0x00000000        0x4 APP/U_Sonic.o
 .text.U_Soinc_Runnable
                0x00000000       0x28 APP/U_Sonic.o
 .text.U_Soinc_Gett_Des
                0x00000000       0x12 APP/U_Sonic.o
 .bss.DISTANCE_ARRAy
                0x00000000        0x8 APP/U_Sonic.o
 .comment       0x00000000       0x31 APP/U_Sonic.o
 .text          0x00000000        0x0 HAL/KeyPad.o
 .data          0x00000000        0x0 HAL/KeyPad.o
 .bss           0x00000000        0x0 HAL/KeyPad.o
 .text.KEYPAD_Init
                0x00000000       0x20 HAL/KeyPad.o
 .text.KEYPAD_GetKey
                0x00000000       0x78 HAL/KeyPad.o
 .rodata.KeysArray
                0x00000000       0x10 HAL/KeyPad.o
 .comment       0x00000000       0x31 HAL/KeyPad.o
 .text          0x00000000        0x0 HAL/LCD.o
 .data          0x00000000        0x0 HAL/LCD.o
 .bss           0x00000000        0x0 HAL/LCD.o
 .text.WriteIns
                0x00000000       0xc0 HAL/LCD.o
 .text.WriteData
                0x00000000       0xc0 HAL/LCD.o
 .text.LCD_Init
                0x00000000       0x3c HAL/LCD.o
 .text.LCD_Clear
                0x00000000       0x14 HAL/LCD.o
 .text.LCD_WriteChar
                0x00000000        0x4 HAL/LCD.o
 .text.LCD_WriteNumber
                0x00000000      0x108 HAL/LCD.o
 .text.LCD_WriteString
                0x00000000       0x26 HAL/LCD.o
 .text.LCD_WriteBinary
                0x00000000       0xce HAL/LCD.o
 .text.LCD_WriteHex
                0x00000000      0x106 HAL/LCD.o
 .text.LCD_SetCursor
                0x00000000       0x18 HAL/LCD.o
 .text.LCD_WriteNumber_4D
                0x00000000       0x56 HAL/LCD.o
 .text.LCD_SetCursorString
                0x00000000       0x2c HAL/LCD.o
 .text.string_len
                0x00000000       0x16 HAL/LCD.o
 .text.LCD_ClearCell
                0x00000000       0x20 HAL/LCD.o
 .text.LCD_move_string
                0x00000000       0xe6 HAL/LCD.o
 .bss.n2.1952   0x00000000        0x2 HAL/LCD.o
 .bss.y.1953    0x00000000        0x2 HAL/LCD.o
 .bss.n.1951    0x00000000        0x2 HAL/LCD.o
 .comment       0x00000000       0x31 HAL/LCD.o
 .text          0x00000000        0x0 HAL/MOTOR.o
 .data          0x00000000        0x0 HAL/MOTOR.o
 .bss           0x00000000        0x0 HAL/MOTOR.o
 .text.MOTOR_Stop
                0x00000000       0x26 HAL/MOTOR.o
 .text.MOTOR_CW
                0x00000000       0x26 HAL/MOTOR.o
 .text.MOTOR_CCW
                0x00000000       0x26 HAL/MOTOR.o
 .comment       0x00000000       0x31 HAL/MOTOR.o
 .text          0x00000000        0x0 HAL/MOTOR_cfg.o
 .data          0x00000000        0x0 HAL/MOTOR_cfg.o
 .bss           0x00000000        0x0 HAL/MOTOR_cfg.o
 .rodata.arr2   0x00000000        0x4 HAL/MOTOR_cfg.o
 .rodata.arr1   0x00000000        0x4 HAL/MOTOR_cfg.o
 .comment       0x00000000       0x31 HAL/MOTOR_cfg.o
 .text          0x00000000        0x0 HAL/Sensors.o
 .data          0x00000000        0x0 HAL/Sensors.o
 .bss           0x00000000        0x0 HAL/Sensors.o
 .text.MQ_2Volt
                0x00000000        0x6 HAL/Sensors.o
 .text.TEMP_Read
                0x00000000        0x4 HAL/Sensors.o
 .text.Thermistor
                0x00000000       0x94 HAL/Sensors.o
 .text.LDR_Volt
                0x00000000        0x6 HAL/Sensors.o
 .text.MPX4115_Read_pressure
                0x00000000       0x2c HAL/Sensors.o
 .rodata.array_temp_res
                0x00000000       0x84 HAL/Sensors.o
 .comment       0x00000000       0x31 HAL/Sensors.o
 .text          0x00000000        0x0 HAL/SERVO_MOTOR.o
 .data          0x00000000        0x0 HAL/SERVO_MOTOR.o
 .bss           0x00000000        0x0 HAL/SERVO_MOTOR.o
 .text.SERVO_Init
                0x00000000       0x1e HAL/SERVO_MOTOR.o
 .text.SERVO_SetPosition_2
                0x00000000       0x4c HAL/SERVO_MOTOR.o
 .text.SERVO_SetPosition
                0x00000000        0x4 HAL/SERVO_MOTOR.o
 .comment       0x00000000       0x31 HAL/SERVO_MOTOR.o
 .text          0x00000000        0x0 HAL/Stepper.o
 .data          0x00000000        0x0 HAL/Stepper.o
 .bss           0x00000000        0x0 HAL/Stepper.o
 .text.Stepper_Unipoler_CCW
                0x00000000       0xb2 HAL/Stepper.o
 .text.Stepper_Unipoler_CW
                0x00000000       0xb2 HAL/Stepper.o
 .text.Stepper_Angle
                0x00000000       0x6c HAL/Stepper.o
 .text.Stepper_Rotate
                0x00000000       0x44 HAL/Stepper.o
 .comment       0x00000000       0x31 HAL/Stepper.o
 .text          0x00000000        0x0 HAL/ULTRASONIC.o
 .data          0x00000000        0x0 HAL/ULTRASONIC.o
 .bss           0x00000000        0x0 HAL/ULTRASONIC.o
 .text.f1       0x00000000       0x40 HAL/ULTRASONIC.o
 .text.ULTRASONIC_Init
                0x00000000       0x18 HAL/ULTRASONIC.o
 .text.ULTRASONIC_GetDistance
                0x00000000       0x82 HAL/ULTRASONIC.o
 .bss.flag      0x00000000        0x1 HAL/ULTRASONIC.o
 .bss.t2        0x00000000        0x2 HAL/ULTRASONIC.o
 .bss.t1        0x00000000        0x2 HAL/ULTRASONIC.o
 .comment       0x00000000       0x31 HAL/ULTRASONIC.o
 .text          0x00000000        0x0 main.o
 .data          0x00000000        0x0 main.o
 .bss           0x00000000        0x0 main.o
 .bss.data      0x00000000        0x1 main.o
 COMMON         0x00000000       0x11 main.o
 .text          0x00000000        0x0 MCAL/ADC.o
 .data          0x00000000        0x0 MCAL/ADC.o
 .bss           0x00000000        0x0 MCAL/ADC.o
 .text.ADC_Init
                0x00000000       0x42 MCAL/ADC.o
 .text.ADC_Read
                0x00000000       0x38 MCAL/ADC.o
 .text.ADC_StartConversion
                0x00000000       0x1e MCAL/ADC.o
 .text.ADC_GetRead
                0x00000000       0x14 MCAL/ADC.o
 .text.ADC_GetReadPerodic
                0x00000000       0x24 MCAL/ADC.o
 .text.ADC_GetReadNoBlock
                0x00000000        0xa MCAL/ADC.o
 .text.ADC_ReadVolt
                0x00000000       0x26 MCAL/ADC.o
 .data.ADCflag  0x00000000        0x1 MCAL/ADC.o
 .comment       0x00000000       0x31 MCAL/ADC.o
 COMMON         0x00000000        0x2 MCAL/ADC.o
 .text          0x00000000        0x0 MCAL/DIO.o
 .data          0x00000000        0x0 MCAL/DIO.o
 .bss           0x00000000        0x0 MCAL/DIO.o
 .text.DIO_WritePort
                0x00000000       0x20 MCAL/DIO.o
 .text.DIO_WritePin
                0x00000000      0x102 MCAL/DIO.o
 .text.DIO_ReadPin
                0x00000000       0x3a MCAL/DIO.o
 .text          0x00000000        0x0 MCAL/DIO_cfg.o
 .data          0x00000000        0x0 MCAL/DIO_cfg.o
 .bss           0x00000000        0x0 MCAL/DIO_cfg.o
 .text          0x00000000        0x0 MCAL/EX_Interrupt.o
 .data          0x00000000        0x0 MCAL/EX_Interrupt.o
 .bss           0x00000000        0x0 MCAL/EX_Interrupt.o
 .text.EXI_Enable
                0x00000000       0x20 MCAL/EX_Interrupt.o
 .text.EXI_Disable
                0x00000000       0x20 MCAL/EX_Interrupt.o
 .text.EXI_TriggerEdge
                0x00000000       0x8c MCAL/EX_Interrupt.o
 .text.EXI_Init
                0x00000000       0x18 MCAL/EX_Interrupt.o
 .text.EXI_SetCallBack
                0x00000000       0x2a MCAL/EX_Interrupt.o
 .text          0x00000000        0x0 MCAL/EX_Interrupt_cfg.o
 .data          0x00000000        0x0 MCAL/EX_Interrupt_cfg.o
 .bss           0x00000000        0x0 MCAL/EX_Interrupt_cfg.o
 .text.f3       0x00000000        0x6 MCAL/EX_Interrupt_cfg.o
 .comment       0x00000000       0x31 MCAL/EX_Interrupt_cfg.o
 .text          0x00000000        0x0 MCAL/SPI.o
 .data          0x00000000        0x0 MCAL/SPI.o
 .bss           0x00000000        0x0 MCAL/SPI.o
 .text.SPI_Init
                0x00000000        0xe MCAL/SPI.o
 .text.SPI_SendReceive
                0x00000000        0xa MCAL/SPI.o
 .text.SPI_ReceivePerodic
                0x00000000       0x16 MCAL/SPI.o
 .text.SPI_SendNoBlock
                0x00000000        0x4 MCAL/SPI.o
 .text.SPI_ReceiveNoBlock
                0x00000000        0x4 MCAL/SPI.o
 .text.SPI_InterruptEnable
                0x00000000        0x4 MCAL/SPI.o
 .text.SPI_InterruptDisable
                0x00000000        0x4 MCAL/SPI.o
 .text.SPI_SetCallBack
                0x00000000        0xa MCAL/SPI.o
 .text.SPI_SlaveReceive
                0x00000000        0x8 MCAL/SPI.o
 .text          0x00000000        0x0 MCAL/Timers.o
 .data          0x00000000        0x0 MCAL/Timers.o
 .bss           0x00000000        0x0 MCAL/Timers.o
 .text.TIMER0_Init
                0x00000000       0x40 MCAL/Timers.o
 .text.TIMER0_OC0Mode
                0x00000000       0x36 MCAL/Timers.o
 .text.TIMER0_OV_InterruptEnable
                0x00000000        0x8 MCAL/Timers.o
 .text.TIMER0_OV_InterruptDisable
                0x00000000        0x8 MCAL/Timers.o
 .text.TIMER0_OC_InterruptEnable
                0x00000000        0x8 MCAL/Timers.o
 .text.TIMER0_OC_InterruptDisable
                0x00000000        0x8 MCAL/Timers.o
 .text.Timer0_OVF_SetCallBack
                0x00000000        0xa MCAL/Timers.o
 .text.Timer0_OC_SetCallBack
                0x00000000        0xa MCAL/Timers.o
 .text.Timer1_OCRA1Mode
                0x00000000       0x36 MCAL/Timers.o
 .text.Timer1_OCRB1Mode
                0x00000000       0x36 MCAL/Timers.o
 .text.Timer1_InputCaptureEdge
                0x00000000       0x16 MCAL/Timers.o
 .text.Timer1_ICU_InterruptEnable
                0x00000000        0x8 MCAL/Timers.o
 .text.Timer1_ICU_InterruptDisable
                0x00000000        0x8 MCAL/Timers.o
 .text.Timer1_OVF_InterruptEnable
                0x00000000        0x8 MCAL/Timers.o
 .text.Timer1_OVF_InterruptDisable
                0x00000000        0x8 MCAL/Timers.o
 .text.Timer1_OCA_InterruptDisable
                0x00000000        0x8 MCAL/Timers.o
 .text.Timer1_OCB_InterruptEnable
                0x00000000        0x8 MCAL/Timers.o
 .text.Timer1_OCB_InterruptDisable
                0x00000000        0x8 MCAL/Timers.o
 .text.Timer1_OVF_SetCallBack
                0x00000000        0xa MCAL/Timers.o
 .text.Timer1_OCB_SetCallBack
                0x00000000        0xa MCAL/Timers.o
 .text.Timer1_ICU_SetCallBack
                0x00000000        0xa MCAL/Timers.o
 .text          0x00000000        0x0 MCAL/UART.o
 .data          0x00000000        0x0 MCAL/UART.o
 .bss           0x00000000        0x0 MCAL/UART.o
 .text.UART_Init
                0x00000000        0xc MCAL/UART.o
 .text.UART_SendData
                0x00000000        0x8 MCAL/UART.o
 .text.UART_ReceiveData
                0x00000000        0x8 MCAL/UART.o
 .text.UART_ReceivePerodic
                0x00000000       0x16 MCAL/UART.o
 .text.UART_SendNoBlock
                0x00000000        0x4 MCAL/UART.o
 .text.UART_ReceiveNoBlock
                0x00000000        0x4 MCAL/UART.o
 .text.UART_RX_InterruptEnable
                0x00000000        0x4 MCAL/UART.o
 .text.UART_RX_InterruptDisable
                0x00000000        0x4 MCAL/UART.o
 .text.UART_TX_InterruptEnable
                0x00000000        0x4 MCAL/UART.o
 .text.UART_TX_InterruptDisable
                0x00000000        0x4 MCAL/UART.o
 .text.UART_RX_SetCallBack
                0x00000000        0xa MCAL/UART.o
 .text.UART_TX_SetCallBack
                0x00000000        0xa MCAL/UART.o
 .bss.init_flag
                0x00000000        0x1 MCAL/UART.o
 .text          0x00000000        0x0 RTOS/Kernel_Program.o
 .data          0x00000000        0x0 RTOS/Kernel_Program.o
 .bss           0x00000000        0x0 RTOS/Kernel_Program.o
 .text.RTOS_voidSuspendTask
                0x00000000       0x14 RTOS/Kernel_Program.o
 .text.RTOS_voidResumeTask
                0x00000000       0x12 RTOS/Kernel_Program.o
 .text.RTOS_voidDeleteTask
                0x00000000       0x14 RTOS/Kernel_Program.o
 .text          0x00000000        0x0 segment.o
 .data          0x00000000        0x0 segment.o
 .bss           0x00000000        0x0 segment.o
 .rodata        0x00000000        0xa segment.o
 .text.segment_dis
                0x00000000       0x4e segment.o
 .text.segment_dis_BCD
                0x00000000       0x16 segment.o
 .text.segment_dis_mlx
                0x00000000       0x8a segment.o
 .text.segment_dis_BCD_hex
                0x00000000        0x4 segment.o
 .comment       0x00000000       0x31 segment.o
 .text          0x00000000        0x0 SERVICE/Timers_Services.o
 .data          0x00000000        0x0 SERVICE/Timers_Services.o
 .bss           0x00000000        0x0 SERVICE/Timers_Services.o
 .text.Timer_func
                0x00000000       0x5c SERVICE/Timers_Services.o
 .text.Func_ICU
                0x00000000       0x72 SERVICE/Timers_Services.o
 .text.PWM_Freq_KHZ
                0x00000000       0x24 SERVICE/Timers_Services.o
 .text.PWM_Freq_HZ
                0x00000000       0x2c SERVICE/Timers_Services.o
 .text.PWM_Duty
                0x00000000       0x34 SERVICE/Timers_Services.o
 .text.Timer1_SetInterruptTime_us
                0x00000000       0x10 SERVICE/Timers_Services.o
 .text.PWM_Measure2
                0x00000000       0xaa SERVICE/Timers_Services.o
 .text.PWM_Measure
                0x00000000       0xb2 SERVICE/Timers_Services.o
 .text.Timer1_SetInterruptTime_s
                0x00000000       0x5e SERVICE/Timers_Services.o
 .bss.c.1908    0x00000000        0x4 SERVICE/Timers_Services.o
 .bss.fptr_timer
                0x00000000        0x2 SERVICE/Timers_Services.o
 .bss.NofOverFlow
                0x00000000        0x4 SERVICE/Timers_Services.o
 .bss.flag      0x00000000        0x2 SERVICE/Timers_Services.o
 .bss.t3        0x00000000        0x2 SERVICE/Timers_Services.o
 .bss.t2        0x00000000        0x2 SERVICE/Timers_Services.o
 .bss.t1        0x00000000        0x2 SERVICE/Timers_Services.o
 .text          0x00000000        0x0 SERVICE/UART_Services.o
 .data          0x00000000        0x0 SERVICE/UART_Services.o
 .bss           0x00000000        0x0 SERVICE/UART_Services.o
 .text.func_tx  0x00000000       0x2a SERVICE/UART_Services.o
 .text.func_Rx  0x00000000       0x2a SERVICE/UART_Services.o
 .text.UART_SendString
                0x00000000       0x26 SERVICE/UART_Services.o
 .text.UART_ReceiveString
                0x00000000       0x42 SERVICE/UART_Services.o
 .text.UART_SendNumber
                0x00000000       0x2a SERVICE/UART_Services.o
 .text.UART_ReceiveNumber
                0x00000000       0x12 SERVICE/UART_Services.o
 .text.Endian_Test
                0x00000000        0x4 SERVICE/UART_Services.o
 .text.Endian_Convert16
                0x00000000        0x2 SERVICE/UART_Services.o
 .text.Endian_Convert32
                0x00000000        0x6 SERVICE/UART_Services.o
 .text.UART_SendStringCheckSum
                0x00000000       0x66 SERVICE/UART_Services.o
 .text.UART_ReceiveStringCheckSum
                0x00000000       0x6c SERVICE/UART_Services.o
 .text.UART_SendStringAshync
                0x00000000       0x24 SERVICE/UART_Services.o
 .text.UART_SendStringNoBlock
                0x00000000        0x2 SERVICE/UART_Services.o
 .text.UART_ReceiveStringAshync
                0x00000000       0x20 SERVICE/UART_Services.o
 .bss.i.1867    0x00000000        0x1 SERVICE/UART_Services.o
 .data.i.1856   0x00000000        0x1 SERVICE/UART_Services.o
 .bss.TX_Str    0x00000000        0x2 SERVICE/UART_Services.o
 .comment       0x00000000       0x31 SERVICE/UART_Services.o
 COMMON         0x00000000        0x2 SERVICE/UART_Services.o
 .text          0x00000000        0x0 c:/program files (x86)/atmel/studio/7.0/toolchain/avr8/avr8-gnu-toolchain/bin/../lib/gcc/avr/5.4.0/avr5\libgcc.a(_mulsi3.o)
 .data          0x00000000        0x0 c:/program files (x86)/atmel/studio/7.0/toolchain/avr8/avr8-gnu-toolchain/bin/../lib/gcc/avr/5.4.0/avr5\libgcc.a(_mulsi3.o)
 .bss           0x00000000        0x0 c:/program files (x86)/atmel/studio/7.0/toolchain/avr8/avr8-gnu-toolchain/bin/../lib/gcc/avr/5.4.0/avr5\libgcc.a(_mulsi3.o)
 .text.libgcc.mul
                0x00000000       0x20 c:/program files (x86)/atmel/studio/7.0/toolchain/avr8/avr8-gnu-toolchain/bin/../lib/gcc/avr/5.4.0/avr5\libgcc.a(_mulsi3.o)
 .text.libgcc.div
                0x00000000        0x0 c:/program files (x86)/atmel/studio/7.0/toolchain/avr8/avr8-gnu-toolchain/bin/../lib/gcc/avr/5.4.0/avr5\libgcc.a(_mulsi3.o)
 .text.libgcc   0x00000000        0x0 c:/program files (x86)/atmel/studio/7.0/toolchain/avr8/avr8-gnu-toolchain/bin/../lib/gcc/avr/5.4.0/avr5\libgcc.a(_mulsi3.o)
 .text.libgcc.prologue
                0x00000000        0x0 c:/program files (x86)/atmel/studio/7.0/toolchain/avr8/avr8-gnu-toolchain/bin/../lib/gcc/avr/5.4.0/avr5\libgcc.a(_mulsi3.o)
 .text.libgcc.builtins
                0x00000000        0x0 c:/program files (x86)/atmel/studio/7.0/toolchain/avr8/avr8-gnu-toolchain/bin/../lib/gcc/avr/5.4.0/avr5\libgcc.a(_mulsi3.o)
 .text.libgcc.fmul
                0x00000000        0x0 c:/program files (x86)/atmel/studio/7.0/toolchain/avr8/avr8-gnu-toolchain/bin/../lib/gcc/avr/5.4.0/avr5\libgcc.a(_mulsi3.o)
 .text.libgcc.fixed
                0x00000000        0x0 c:/program files (x86)/atmel/studio/7.0/toolchain/avr8/avr8-gnu-toolchain/bin/../lib/gcc/avr/5.4.0/avr5\libgcc.a(_mulsi3.o)
 .text          0x00000000        0x0 c:/program files (x86)/atmel/studio/7.0/toolchain/avr8/avr8-gnu-toolchain/bin/../lib/gcc/avr/5.4.0/avr5\libgcc.a(_udivmodqi4.o)
 .data          0x00000000        0x0 c:/program files (x86)/atmel/studio/7.0/toolchain/avr8/avr8-gnu-toolchain/bin/../lib/gcc/avr/5.4.0/avr5\libgcc.a(_udivmodqi4.o)
 .bss           0x00000000        0x0 c:/program files (x86)/atmel/studio/7.0/toolchain/avr8/avr8-gnu-toolchain/bin/../lib/gcc/avr/5.4.0/avr5\libgcc.a(_udivmodqi4.o)
 .text.libgcc.mul
                0x00000000        0x0 c:/program files (x86)/atmel/studio/7.0/toolchain/avr8/avr8-gnu-toolchain/bin/../lib/gcc/avr/5.4.0/avr5\libgcc.a(_udivmodqi4.o)
 .text.libgcc.div
                0x00000000       0x18 c:/program files (x86)/atmel/studio/7.0/toolchain/avr8/avr8-gnu-toolchain/bin/../lib/gcc/avr/5.4.0/avr5\libgcc.a(_udivmodqi4.o)
 .text.libgcc   0x00000000        0x0 c:/program files (x86)/atmel/studio/7.0/toolchain/avr8/avr8-gnu-toolchain/bin/../lib/gcc/avr/5.4.0/avr5\libgcc.a(_udivmodqi4.o)
 .text.libgcc.prologue
                0x00000000        0x0 c:/program files (x86)/atmel/studio/7.0/toolchain/avr8/avr8-gnu-toolchain/bin/../lib/gcc/avr/5.4.0/avr5\libgcc.a(_udivmodqi4.o)
 .text.libgcc.builtins
                0x00000000        0x0 c:/program files (x86)/atmel/studio/7.0/toolchain/avr8/avr8-gnu-toolchain/bin/../lib/gcc/avr/5.4.0/avr5\libgcc.a(_udivmodqi4.o)
 .text.libgcc.fmul
                0x00000000        0x0 c:/program files (x86)/atmel/studio/7.0/toolchain/avr8/avr8-gnu-toolchain/bin/../lib/gcc/avr/5.4.0/avr5\libgcc.a(_udivmodqi4.o)
 .text.libgcc.fixed
                0x00000000        0x0 c:/program files (x86)/atmel/studio/7.0/toolchain/avr8/avr8-gnu-toolchain/bin/../lib/gcc/avr/5.4.0/avr5\libgcc.a(_udivmodqi4.o)
 .text          0x00000000        0x0 c:/program files (x86)/atmel/studio/7.0/toolchain/avr8/avr8-gnu-toolchain/bin/../lib/gcc/avr/5.4.0/avr5\libgcc.a(_udivmodhi4.o)
 .data          0x00000000        0x0 c:/program files (x86)/atmel/studio/7.0/toolchain/avr8/avr8-gnu-toolchain/bin/../lib/gcc/avr/5.4.0/avr5\libgcc.a(_udivmodhi4.o)
 .bss           0x00000000        0x0 c:/program files (x86)/atmel/studio/7.0/toolchain/avr8/avr8-gnu-toolchain/bin/../lib/gcc/avr/5.4.0/avr5\libgcc.a(_udivmodhi4.o)
 .text.libgcc.mul
                0x00000000        0x0 c:/program files (x86)/atmel/studio/7.0/toolchain/avr8/avr8-gnu-toolchain/bin/../lib/gcc/avr/5.4.0/avr5\libgcc.a(_udivmodhi4.o)
 .text.libgcc   0x00000000        0x0 c:/program files (x86)/atmel/studio/7.0/toolchain/avr8/avr8-gnu-toolchain/bin/../lib/gcc/avr/5.4.0/avr5\libgcc.a(_udivmodhi4.o)
 .text.libgcc.prologue
                0x00000000        0x0 c:/program files (x86)/atmel/studio/7.0/toolchain/avr8/avr8-gnu-toolchain/bin/../lib/gcc/avr/5.4.0/avr5\libgcc.a(_udivmodhi4.o)
 .text.libgcc.builtins
                0x00000000        0x0 c:/program files (x86)/atmel/studio/7.0/toolchain/avr8/avr8-gnu-toolchain/bin/../lib/gcc/avr/5.4.0/avr5\libgcc.a(_udivmodhi4.o)
 .text.libgcc.fmul
                0x00000000        0x0 c:/program files (x86)/atmel/studio/7.0/toolchain/avr8/avr8-gnu-toolchain/bin/../lib/gcc/avr/5.4.0/avr5\libgcc.a(_udivmodhi4.o)
 .text.libgcc.fixed
                0x00000000        0x0 c:/program files (x86)/atmel/studio/7.0/toolchain/avr8/avr8-gnu-toolchain/bin/../lib/gcc/avr/5.4.0/avr5\libgcc.a(_udivmodhi4.o)
 .text          0x00000000        0x0 c:/program files (x86)/atmel/studio/7.0/toolchain/avr8/avr8-gnu-toolchain/bin/../lib/gcc/avr/5.4.0/avr5\libgcc.a(_udivmodsi4.o)
 .data          0x00000000        0x0 c:/program files (x86)/atmel/studio/7.0/toolchain/avr8/avr8-gnu-toolchain/bin/../lib/gcc/avr/5.4.0/avr5\libgcc.a(_udivmodsi4.o)
 .bss           0x00000000        0x0 c:/program files (x86)/atmel/studio/7.0/toolchain/avr8/avr8-gnu-toolchain/bin/../lib/gcc/avr/5.4.0/avr5\libgcc.a(_udivmodsi4.o)
 .text.libgcc.mul
                0x00000000        0x0 c:/program files (x86)/atmel/studio/7.0/toolchain/avr8/avr8-gnu-toolchain/bin/../lib/gcc/avr/5.4.0/avr5\libgcc.a(_udivmodsi4.o)
 .text.libgcc.div
                0x00000000       0x44 c:/program files (x86)/atmel/studio/7.0/toolchain/avr8/avr8-gnu-toolchain/bin/../lib/gcc/avr/5.4.0/avr5\libgcc.a(_udivmodsi4.o)
 .text.libgcc   0x00000000        0x0 c:/program files (x86)/atmel/studio/7.0/toolchain/avr8/avr8-gnu-toolchain/bin/../lib/gcc/avr/5.4.0/avr5\libgcc.a(_udivmodsi4.o)
 .text.libgcc.prologue
                0x00000000        0x0 c:/program files (x86)/atmel/studio/7.0/toolchain/avr8/avr8-gnu-toolchain/bin/../lib/gcc/avr/5.4.0/avr5\libgcc.a(_udivmodsi4.o)
 .text.libgcc.builtins
                0x00000000        0x0 c:/program files (x86)/atmel/studio/7.0/toolchain/avr8/avr8-gnu-toolchain/bin/../lib/gcc/avr/5.4.0/avr5\libgcc.a(_udivmodsi4.o)
 .text.libgcc.fmul
                0x00000000        0x0 c:/program files (x86)/atmel/studio/7.0/toolchain/avr8/avr8-gnu-toolchain/bin/../lib/gcc/avr/5.4.0/avr5\libgcc.a(_udivmodsi4.o)
 .text.libgcc.fixed
                0x00000000        0x0 c:/program files (x86)/atmel/studio/7.0/toolchain/avr8/avr8-gnu-toolchain/bin/../lib/gcc/avr/5.4.0/avr5\libgcc.a(_udivmodsi4.o)
 .text          0x00000000        0x0 c:/program files (x86)/atmel/studio/7.0/toolchain/avr8/avr8-gnu-toolchain/bin/../lib/gcc/avr/5.4.0/avr5\libgcc.a(_divmodsi4.o)
 .data          0x00000000        0x0 c:/program files (x86)/atmel/studio/7.0/toolchain/avr8/avr8-gnu-toolchain/bin/../lib/gcc/avr/5.4.0/avr5\libgcc.a(_divmodsi4.o)
 .bss           0x00000000        0x0 c:/program files (x86)/atmel/studio/7.0/toolchain/avr8/avr8-gnu-toolchain/bin/../lib/gcc/avr/5.4.0/avr5\libgcc.a(_divmodsi4.o)
 .text.libgcc.mul
                0x00000000        0x0 c:/program files (x86)/atmel/studio/7.0/toolchain/avr8/avr8-gnu-toolchain/bin/../lib/gcc/avr/5.4.0/avr5\libgcc.a(_divmodsi4.o)
 .text.libgcc.div
                0x00000000       0x2e c:/program files (x86)/atmel/studio/7.0/toolchain/avr8/avr8-gnu-toolchain/bin/../lib/gcc/avr/5.4.0/avr5\libgcc.a(_divmodsi4.o)
 .text.libgcc   0x00000000        0x0 c:/program files (x86)/atmel/studio/7.0/toolchain/avr8/avr8-gnu-toolchain/bin/../lib/gcc/avr/5.4.0/avr5\libgcc.a(_divmodsi4.o)
 .text.libgcc.prologue
                0x00000000        0x0 c:/program files (x86)/atmel/studio/7.0/toolchain/avr8/avr8-gnu-toolchain/bin/../lib/gcc/avr/5.4.0/avr5\libgcc.a(_divmodsi4.o)
 .text.libgcc.builtins
                0x00000000        0x0 c:/program files (x86)/atmel/studio/7.0/toolchain/avr8/avr8-gnu-toolchain/bin/../lib/gcc/avr/5.4.0/avr5\libgcc.a(_divmodsi4.o)
 .text.libgcc.fmul
                0x00000000        0x0 c:/program files (x86)/atmel/studio/7.0/toolchain/avr8/avr8-gnu-toolchain/bin/../lib/gcc/avr/5.4.0/avr5\libgcc.a(_divmodsi4.o)
 .text.libgcc.fixed
                0x00000000        0x0 c:/program files (x86)/atmel/studio/7.0/toolchain/avr8/avr8-gnu-toolchain/bin/../lib/gcc/avr/5.4.0/avr5\libgcc.a(_divmodsi4.o)
 .text          0x00000000        0x0 c:/program files (x86)/atmel/studio/7.0/toolchain/avr8/avr8-gnu-toolchain/bin/../lib/gcc/avr/5.4.0/avr5\libgcc.a(_negsi2.o)
 .data          0x00000000        0x0 c:/program files (x86)/atmel/studio/7.0/toolchain/avr8/avr8-gnu-toolchain/bin/../lib/gcc/avr/5.4.0/avr5\libgcc.a(_negsi2.o)
 .bss           0x00000000        0x0 c:/program files (x86)/atmel/studio/7.0/toolchain/avr8/avr8-gnu-toolchain/bin/../lib/gcc/avr/5.4.0/avr5\libgcc.a(_negsi2.o)
 .text.libgcc.mul
                0x00000000        0x0 c:/program files (x86)/atmel/studio/7.0/toolchain/avr8/avr8-gnu-toolchain/bin/../lib/gcc/avr/5.4.0/avr5\libgcc.a(_negsi2.o)
 .text.libgcc.div
                0x00000000       0x10 c:/program files (x86)/atmel/studio/7.0/toolchain/avr8/avr8-gnu-toolchain/bin/../lib/gcc/avr/5.4.0/avr5\libgcc.a(_negsi2.o)
 .text.libgcc   0x00000000        0x0 c:/program files (x86)/atmel/studio/7.0/toolchain/avr8/avr8-gnu-toolchain/bin/../lib/gcc/avr/5.4.0/avr5\libgcc.a(_negsi2.o)
 .text.libgcc.prologue
                0x00000000        0x0 c:/program files (x86)/atmel/studio/7.0/toolchain/avr8/avr8-gnu-toolchain/bin/../lib/gcc/avr/5.4.0/avr5\libgcc.a(_negsi2.o)
 .text.libgcc.builtins
                0x00000000        0x0 c:/program files (x86)/atmel/studio/7.0/toolchain/avr8/avr8-gnu-toolchain/bin/../lib/gcc/avr/5.4.0/avr5\libgcc.a(_negsi2.o)
 .text.libgcc.fmul
                0x00000000        0x0 c:/program files (x86)/atmel/studio/7.0/toolchain/avr8/avr8-gnu-toolchain/bin/../lib/gcc/avr/5.4.0/avr5\libgcc.a(_negsi2.o)
 .text.libgcc.fixed
                0x00000000        0x0 c:/program files (x86)/atmel/studio/7.0/toolchain/avr8/avr8-gnu-toolchain/bin/../lib/gcc/avr/5.4.0/avr5\libgcc.a(_negsi2.o)
 .text          0x00000000        0x0 c:/program files (x86)/atmel/studio/7.0/toolchain/avr8/avr8-gnu-toolchain/bin/../lib/gcc/avr/5.4.0/avr5\libgcc.a(_exit.o)
 .data          0x00000000        0x0 c:/program files (x86)/atmel/studio/7.0/toolchain/avr8/avr8-gnu-toolchain/bin/../lib/gcc/avr/5.4.0/avr5\libgcc.a(_exit.o)
 .bss           0x00000000        0x0 c:/program files (x86)/atmel/studio/7.0/toolchain/avr8/avr8-gnu-toolchain/bin/../lib/gcc/avr/5.4.0/avr5\libgcc.a(_exit.o)
 .text.libgcc.mul
                0x00000000        0x0 c:/program files (x86)/atmel/studio/7.0/toolchain/avr8/avr8-gnu-toolchain/bin/../lib/gcc/avr/5.4.0/avr5\libgcc.a(_exit.o)
 .text.libgcc.div
                0x00000000        0x0 c:/program files (x86)/atmel/studio/7.0/toolchain/avr8/avr8-gnu-toolchain/bin/../lib/gcc/avr/5.4.0/avr5\libgcc.a(_exit.o)
 .text.libgcc   0x00000000        0x0 c:/program files (x86)/atmel/studio/7.0/toolchain/avr8/avr8-gnu-toolchain/bin/../lib/gcc/avr/5.4.0/avr5\libgcc.a(_exit.o)
 .text.libgcc.prologue
                0x00000000        0x0 c:/program files (x86)/atmel/studio/7.0/toolchain/avr8/avr8-gnu-toolchain/bin/../lib/gcc/avr/5.4.0/avr5\libgcc.a(_exit.o)
 .text.libgcc.builtins
                0x00000000        0x0 c:/program files (x86)/atmel/studio/7.0/toolchain/avr8/avr8-gnu-toolchain/bin/../lib/gcc/avr/5.4.0/avr5\libgcc.a(_exit.o)
 .text.libgcc.fmul
                0x00000000        0x0 c:/program files (x86)/atmel/studio/7.0/toolchain/avr8/avr8-gnu-toolchain/bin/../lib/gcc/avr/5.4.0/avr5\libgcc.a(_exit.o)
 .text.libgcc.fixed
                0x00000000        0x0 c:/program files (x86)/atmel/studio/7.0/toolchain/avr8/avr8-gnu-toolchain/bin/../lib/gcc/avr/5.4.0/avr5\libgcc.a(_exit.o)
 .text          0x00000000        0x0 c:/program files (x86)/atmel/studio/7.0/toolchain/avr8/avr8-gnu-toolchain/bin/../lib/gcc/avr/5.4.0/avr5\libgcc.a(_tablejump2.o)
 .data          0x00000000        0x0 c:/program files (x86)/atmel/studio/7.0/toolchain/avr8/avr8-gnu-toolchain/bin/../lib/gcc/avr/5.4.0/avr5\libgcc.a(_tablejump2.o)
 .bss           0x00000000        0x0 c:/program files (x86)/atmel/studio/7.0/toolchain/avr8/avr8-gnu-toolchain/bin/../lib/gcc/avr/5.4.0/avr5\libgcc.a(_tablejump2.o)
 .text.libgcc.mul
                0x00000000        0x0 c:/program files (x86)/atmel/studio/7.0/toolchain/avr8/avr8-gnu-toolchain/bin/../lib/gcc/avr/5.4.0/avr5\libgcc.a(_tablejump2.o)
 .text.libgcc.div
                0x00000000        0x0 c:/program files (x86)/atmel/studio/7.0/toolchain/avr8/avr8-gnu-toolchain/bin/../lib/gcc/avr/5.4.0/avr5\libgcc.a(_tablejump2.o)
 .text.libgcc   0x00000000        0xc c:/program files (x86)/atmel/studio/7.0/toolchain/avr8/avr8-gnu-toolchain/bin/../lib/gcc/avr/5.4.0/avr5\libgcc.a(_tablejump2.o)
 .text.libgcc.prologue
                0x00000000        0x0 c:/program files (x86)/atmel/studio/7.0/toolchain/avr8/avr8-gnu-toolchain/bin/../lib/gcc/avr/5.4.0/avr5\libgcc.a(_tablejump2.o)
 .text.libgcc.builtins
                0x00000000        0x0 c:/program files (x86)/atmel/studio/7.0/toolchain/avr8/avr8-gnu-toolchain/bin/../lib/gcc/avr/5.4.0/avr5\libgcc.a(_tablejump2.o)
 .text.libgcc.fmul
                0x00000000        0x0 c:/program files (x86)/atmel/studio/7.0/toolchain/avr8/avr8-gnu-toolchain/bin/../lib/gcc/avr/5.4.0/avr5\libgcc.a(_tablejump2.o)
 .text.libgcc.fixed
                0x00000000        0x0 c:/program files (x86)/atmel/studio/7.0/toolchain/avr8/avr8-gnu-toolchain/bin/../lib/gcc/avr/5.4.0/avr5\libgcc.a(_tablejump2.o)
 .text          0x00000000        0x0 c:/program files (x86)/atmel/studio/7.0/toolchain/avr8/avr8-gnu-toolchain/bin/../lib/gcc/avr/5.4.0/avr5\libgcc.a(_copy_data.o)
 .data          0x00000000        0x0 c:/program files (x86)/atmel/studio/7.0/toolchain/avr8/avr8-gnu-toolchain/bin/../lib/gcc/avr/5.4.0/avr5\libgcc.a(_copy_data.o)
 .bss           0x00000000        0x0 c:/program files (x86)/atmel/studio/7.0/toolchain/avr8/avr8-gnu-toolchain/bin/../lib/gcc/avr/5.4.0/avr5\libgcc.a(_copy_data.o)
 .text.libgcc.mul
                0x00000000        0x0 c:/program files (x86)/atmel/studio/7.0/toolchain/avr8/avr8-gnu-toolchain/bin/../lib/gcc/avr/5.4.0/avr5\libgcc.a(_copy_data.o)
 .text.libgcc.div
                0x00000000        0x0 c:/program files (x86)/atmel/studio/7.0/toolchain/avr8/avr8-gnu-toolchain/bin/../lib/gcc/avr/5.4.0/avr5\libgcc.a(_copy_data.o)
 .text.libgcc   0x00000000        0x0 c:/program files (x86)/atmel/studio/7.0/toolchain/avr8/avr8-gnu-toolchain/bin/../lib/gcc/avr/5.4.0/avr5\libgcc.a(_copy_data.o)
 .text.libgcc.prologue
                0x00000000        0x0 c:/program files (x86)/atmel/studio/7.0/toolchain/avr8/avr8-gnu-toolchain/bin/../lib/gcc/avr/5.4.0/avr5\libgcc.a(_copy_data.o)
 .text.libgcc.builtins
                0x00000000        0x0 c:/program files (x86)/atmel/studio/7.0/toolchain/avr8/avr8-gnu-toolchain/bin/../lib/gcc/avr/5.4.0/avr5\libgcc.a(_copy_data.o)
 .text.libgcc.fmul
                0x00000000        0x0 c:/program files (x86)/atmel/studio/7.0/toolchain/avr8/avr8-gnu-toolchain/bin/../lib/gcc/avr/5.4.0/avr5\libgcc.a(_copy_data.o)
 .text.libgcc.fixed
                0x00000000        0x0 c:/program files (x86)/atmel/studio/7.0/toolchain/avr8/avr8-gnu-toolchain/bin/../lib/gcc/avr/5.4.0/avr5\libgcc.a(_copy_data.o)
 .text          0x00000000        0x0 c:/program files (x86)/atmel/studio/7.0/toolchain/avr8/avr8-gnu-toolchain/bin/../lib/gcc/avr/5.4.0/avr5\libgcc.a(_clear_bss.o)
 .data          0x00000000        0x0 c:/program files (x86)/atmel/studio/7.0/toolchain/avr8/avr8-gnu-toolchain/bin/../lib/gcc/avr/5.4.0/avr5\libgcc.a(_clear_bss.o)
 .bss           0x00000000        0x0 c:/program files (x86)/atmel/studio/7.0/toolchain/avr8/avr8-gnu-toolchain/bin/../lib/gcc/avr/5.4.0/avr5\libgcc.a(_clear_bss.o)
 .text.libgcc.mul
                0x00000000        0x0 c:/program files (x86)/atmel/studio/7.0/toolchain/avr8/avr8-gnu-toolchain/bin/../lib/gcc/avr/5.4.0/avr5\libgcc.a(_clear_bss.o)
 .text.libgcc.div
                0x00000000        0x0 c:/program files (x86)/atmel/studio/7.0/toolchain/avr8/avr8-gnu-toolchain/bin/../lib/gcc/avr/5.4.0/avr5\libgcc.a(_clear_bss.o)
 .text.libgcc   0x00000000        0x0 c:/program files (x86)/atmel/studio/7.0/toolchain/avr8/avr8-gnu-toolchain/bin/../lib/gcc/avr/5.4.0/avr5\libgcc.a(_clear_bss.o)
 .text.libgcc.prologue
                0x00000000        0x0 c:/program files (x86)/atmel/studio/7.0/toolchain/avr8/avr8-gnu-toolchain/bin/../lib/gcc/avr/5.4.0/avr5\libgcc.a(_clear_bss.o)
 .text.libgcc.builtins
                0x00000000        0x0 c:/program files (x86)/atmel/studio/7.0/toolchain/avr8/avr8-gnu-toolchain/bin/../lib/gcc/avr/5.4.0/avr5\libgcc.a(_clear_bss.o)
 .text.libgcc.fmul
                0x00000000        0x0 c:/program files (x86)/atmel/studio/7.0/toolchain/avr8/avr8-gnu-toolchain/bin/../lib/gcc/avr/5.4.0/avr5\libgcc.a(_clear_bss.o)
 .text.libgcc.fixed
                0x00000000        0x0 c:/program files (x86)/atmel/studio/7.0/toolchain/avr8/avr8-gnu-toolchain/bin/../lib/gcc/avr/5.4.0/avr5\libgcc.a(_clear_bss.o)
 .text          0x00000000        0x0 c:/program files (x86)/atmel/studio/7.0/toolchain/avr8/avr8-gnu-toolchain/bin/../lib/gcc/avr/5.4.0/avr5\libgcc.a(_bswapsi2.o)
 .data          0x00000000        0x0 c:/program files (x86)/atmel/studio/7.0/toolchain/avr8/avr8-gnu-toolchain/bin/../lib/gcc/avr/5.4.0/avr5\libgcc.a(_bswapsi2.o)
 .bss           0x00000000        0x0 c:/program files (x86)/atmel/studio/7.0/toolchain/avr8/avr8-gnu-toolchain/bin/../lib/gcc/avr/5.4.0/avr5\libgcc.a(_bswapsi2.o)
 .text.libgcc.mul
                0x00000000        0x0 c:/program files (x86)/atmel/studio/7.0/toolchain/avr8/avr8-gnu-toolchain/bin/../lib/gcc/avr/5.4.0/avr5\libgcc.a(_bswapsi2.o)
 .text.libgcc.div
                0x00000000        0x0 c:/program files (x86)/atmel/studio/7.0/toolchain/avr8/avr8-gnu-toolchain/bin/../lib/gcc/avr/5.4.0/avr5\libgcc.a(_bswapsi2.o)
 .text.libgcc   0x00000000        0x0 c:/program files (x86)/atmel/studio/7.0/toolchain/avr8/avr8-gnu-toolchain/bin/../lib/gcc/avr/5.4.0/avr5\libgcc.a(_bswapsi2.o)
 .text.libgcc.prologue
                0x00000000        0x0 c:/program files (x86)/atmel/studio/7.0/toolchain/avr8/avr8-gnu-toolchain/bin/../lib/gcc/avr/5.4.0/avr5\libgcc.a(_bswapsi2.o)
 .text.libgcc.builtins
                0x00000000        0xe c:/program files (x86)/atmel/studio/7.0/toolchain/avr8/avr8-gnu-toolchain/bin/../lib/gcc/avr/5.4.0/avr5\libgcc.a(_bswapsi2.o)
 .text.libgcc.fmul
                0x00000000        0x0 c:/program files (x86)/atmel/studio/7.0/toolchain/avr8/avr8-gnu-toolchain/bin/../lib/gcc/avr/5.4.0/avr5\libgcc.a(_bswapsi2.o)
 .text.libgcc.fixed
                0x00000000        0x0 c:/program files (x86)/atmel/studio/7.0/toolchain/avr8/avr8-gnu-toolchain/bin/../lib/gcc/avr/5.4.0/avr5\libgcc.a(_bswapsi2.o)
 .text          0x00000000        0x0 c:/program files (x86)/atmel/studio/7.0/toolchain/avr8/avr8-gnu-toolchain/bin/../lib/gcc/avr/5.4.0/avr5\libgcc.a(_umulhisi3.o)
 .data          0x00000000        0x0 c:/program files (x86)/atmel/studio/7.0/toolchain/avr8/avr8-gnu-toolchain/bin/../lib/gcc/avr/5.4.0/avr5\libgcc.a(_umulhisi3.o)
 .bss           0x00000000        0x0 c:/program files (x86)/atmel/studio/7.0/toolchain/avr8/avr8-gnu-toolchain/bin/../lib/gcc/avr/5.4.0/avr5\libgcc.a(_umulhisi3.o)
 .text.libgcc.mul
                0x00000000       0x1e c:/program files (x86)/atmel/studio/7.0/toolchain/avr8/avr8-gnu-toolchain/bin/../lib/gcc/avr/5.4.0/avr5\libgcc.a(_umulhisi3.o)
 .text.libgcc.div
                0x00000000        0x0 c:/program files (x86)/atmel/studio/7.0/toolchain/avr8/avr8-gnu-toolchain/bin/../lib/gcc/avr/5.4.0/avr5\libgcc.a(_umulhisi3.o)
 .text.libgcc   0x00000000        0x0 c:/program files (x86)/atmel/studio/7.0/toolchain/avr8/avr8-gnu-toolchain/bin/../lib/gcc/avr/5.4.0/avr5\libgcc.a(_umulhisi3.o)
 .text.libgcc.prologue
                0x00000000        0x0 c:/program files (x86)/atmel/studio/7.0/toolchain/avr8/avr8-gnu-toolchain/bin/../lib/gcc/avr/5.4.0/avr5\libgcc.a(_umulhisi3.o)
 .text.libgcc.builtins
                0x00000000        0x0 c:/program files (x86)/atmel/studio/7.0/toolchain/avr8/avr8-gnu-toolchain/bin/../lib/gcc/avr/5.4.0/avr5\libgcc.a(_umulhisi3.o)
 .text.libgcc.fmul
                0x00000000        0x0 c:/program files (x86)/atmel/studio/7.0/toolchain/avr8/avr8-gnu-toolchain/bin/../lib/gcc/avr/5.4.0/avr5\libgcc.a(_umulhisi3.o)
 .text.libgcc.fixed
                0x00000000        0x0 c:/program files (x86)/atmel/studio/7.0/toolchain/avr8/avr8-gnu-toolchain/bin/../lib/gcc/avr/5.4.0/avr5\libgcc.a(_umulhisi3.o)
 .text          0x00000000        0x0 c:/program files (x86)/atmel/studio/7.0/toolchain/avr8/avr8-gnu-toolchain/bin/../lib/gcc/avr/5.4.0/avr5\libgcc.a(_muluhisi3.o)
 .data          0x00000000        0x0 c:/program files (x86)/atmel/studio/7.0/toolchain/avr8/avr8-gnu-toolchain/bin/../lib/gcc/avr/5.4.0/avr5\libgcc.a(_muluhisi3.o)
 .bss           0x00000000        0x0 c:/program files (x86)/atmel/studio/7.0/toolchain/avr8/avr8-gnu-toolchain/bin/../lib/gcc/avr/5.4.0/avr5\libgcc.a(_muluhisi3.o)
 .text.libgcc.mul
                0x00000000       0x16 c:/program files (x86)/atmel/studio/7.0/toolchain/avr8/avr8-gnu-toolchain/bin/../lib/gcc/avr/5.4.0/avr5\libgcc.a(_muluhisi3.o)
 .text.libgcc.div
                0x00000000        0x0 c:/program files (x86)/atmel/studio/7.0/toolchain/avr8/avr8-gnu-toolchain/bin/../lib/gcc/avr/5.4.0/avr5\libgcc.a(_muluhisi3.o)
 .text.libgcc   0x00000000        0x0 c:/program files (x86)/atmel/studio/7.0/toolchain/avr8/avr8-gnu-toolchain/bin/../lib/gcc/avr/5.4.0/avr5\libgcc.a(_muluhisi3.o)
 .text.libgcc.prologue
                0x00000000        0x0 c:/program files (x86)/atmel/studio/7.0/toolchain/avr8/avr8-gnu-toolchain/bin/../lib/gcc/avr/5.4.0/avr5\libgcc.a(_muluhisi3.o)
 .text.libgcc.builtins
                0x00000000        0x0 c:/program files (x86)/atmel/studio/7.0/toolchain/avr8/avr8-gnu-toolchain/bin/../lib/gcc/avr/5.4.0/avr5\libgcc.a(_muluhisi3.o)
 .text.libgcc.fmul
                0x00000000        0x0 c:/program files (x86)/atmel/studio/7.0/toolchain/avr8/avr8-gnu-toolchain/bin/../lib/gcc/avr/5.4.0/avr5\libgcc.a(_muluhisi3.o)
 .text.libgcc.fixed
                0x00000000        0x0 c:/program files (x86)/atmel/studio/7.0/toolchain/avr8/avr8-gnu-toolchain/bin/../lib/gcc/avr/5.4.0/avr5\libgcc.a(_muluhisi3.o)

Memory Configuration

Name             Origin             Length             Attributes
text             0x00000000         0x00008000         xr
data             0x00800060         0x00000800         rw !x
eeprom           0x00810000         0x00000400         rw !x
fuse             0x00820000         0x00000002         rw !x
lock             0x00830000         0x00000400         rw !x
signature        0x00840000         0x00000400         rw !x
user_signatures  0x00850000         0x00000400         rw !x
*default*        0x00000000         0xffffffff

Linker script and memory map

LOAD C:/Program Files (x86)/Atmel/Studio/7.0/Packs/atmel/ATmega_DFP/1.6.364/gcc/dev/atmega32/avr5/crtatmega32.o
LOAD APP/Automatic System(MTI).o
LOAD APP/Calculator.o
LOAD APP/Converter.o
LOAD APP/Fire System.o
LOAD APP/LDR_8Led.o
LOAD APP/RGB.o
LOAD APP/RGB_cfg.o
LOAD APP/Smart Home.o
LOAD APP/Smart_Home_cfg.o
LOAD APP/SPI_App.o
LOAD APP/Temp_Filter.o
LOAD APP/U_Sonic.o
LOAD HAL/KeyPad.o
LOAD HAL/LCD.o
LOAD HAL/MOTOR.o
LOAD HAL/MOTOR_cfg.o
LOAD HAL/Sensors.o
LOAD HAL/SERVO_MOTOR.o
LOAD HAL/Stepper.o
LOAD HAL/ULTRASONIC.o
LOAD main.o
LOAD MCAL/ADC.o
LOAD MCAL/DIO.o
LOAD MCAL/DIO_cfg.o
LOAD MCAL/EX_Interrupt.o
LOAD MCAL/EX_Interrupt_cfg.o
LOAD MCAL/SPI.o
LOAD MCAL/Timers.o
LOAD MCAL/UART.o
LOAD RTOS/Kernel_Program.o
LOAD segment.o
LOAD SERVICE/Timers_Services.o
LOAD SERVICE/UART_Services.o
START GROUP
LOAD c:/program files (x86)/atmel/studio/7.0/toolchain/avr8/avr8-gnu-toolchain/bin/../lib/gcc/avr/5.4.0/../../../../avr/lib/avr5\libm.a
END GROUP
START GROUP
LOAD c:/program files (x86)/atmel/studio/7.0/toolchain/avr8/avr8-gnu-toolchain/bin/../lib/gcc/avr/5.4.0/avr5\libgcc.a
LOAD c:/program files (x86)/atmel/studio/7.0/toolchain/avr8/avr8-gnu-toolchain/bin/../lib/gcc/avr/5.4.0/../../../../avr/lib/avr5\libm.a
LOAD c:/program files (x86)/atmel/studio/7.0/toolchain/avr8/avr8-gnu-toolchain/bin/../lib/gcc/avr/5.4.0/../../../../avr/lib/avr5\libc.a
LOAD C:/Program Files (x86)/Atmel/Studio/7.0/Packs/atmel/ATmega_DFP/1.6.364/gcc/dev/atmega32/avr5\libatmega32.a
END GROUP
                0x00000000                __TEXT_REGION_ORIGIN__ = DEFINED (__TEXT_REGION_ORIGIN__)?__TEXT_REGION_ORIGIN__:0x0
                [0x00800060]                __DATA_REGION_ORIGIN__ = DEFINED (__DATA_REGION_ORIGIN__)?__DATA_REGION_ORIGIN__:0x800060
                [0x00008000]                __TEXT_REGION_LENGTH__ = DEFINED (__TEXT_REGION_LENGTH__)?__TEXT_REGION_LENGTH__:0x20000
                [0x00000800]                __DATA_REGION_LENGTH__ = DEFINED (__DATA_REGION_LENGTH__)?__DATA_REGION_LENGTH__:0xffa0
                [0x00000400]                __EEPROM_REGION_LENGTH__ = DEFINED (__EEPROM_REGION_LENGTH__)?__EEPROM_REGION_LENGTH__:0x10000
                [0x00000002]                __FUSE_REGION_LENGTH__ = DEFINED (__FUSE_REGION_LENGTH__)?__FUSE_REGION_LENGTH__:0x400
                0x00000400                __LOCK_REGION_LENGTH__ = DEFINED (__LOCK_REGION_LENGTH__)?__LOCK_REGION_LENGTH__:0x400
                0x00000400                __SIGNATURE_REGION_LENGTH__ = DEFINED (__SIGNATURE_REGION_LENGTH__)?__SIGNATURE_REGION_LENGTH__:0x400
                0x00000400                __USER_SIGNATURE_REGION_LENGTH__ = DEFINED (__USER_SIGNATURE_REGION_LENGTH__)?__USER_SIGNATURE_REGION_LENGTH__:0x400

.hash
 *(.hash)

.dynsym
 *(.dynsym)

.dynstr
 *(.dynstr)

.gnu.version
 *(.gnu.version)

.gnu.version_d
 *(.gnu.version_d)

.gnu.version_r
 *(.gnu.version_r)

.rel.init
 *(.rel.init)

.rela.init
 *(.rela.init)

.rel.text
 *(.rel.text)
 *(.rel.text.*)
 *(.rel.gnu.linkonce.t*)

.rela.text
 *(.rela.text)
 *(.rela.text.*)
 *(.rela.gnu.linkonce.t*)

.rel.fini
 *(.rel.fini)

.rela.fini
 *(.rela.fini)

.rel.rodata
 *(.rel.rodata)
 *(.rel.rodata.*)
 *(.rel.gnu.linkonce.r*)

.rela.rodata
 *(.rela.rodata)
 *(.rela.rodata.*)
 *(.rela.gnu.linkonce.r*)

.rel.data
 *(.rel.data)
 *(.rel.data.*)
 *(.rel.gnu.linkonce.d*)

.rela.data
 *(.rela.data)
 *(.rela.data.*)
 *(.rela.gnu.linkonce.d*)

.rel.ctors
 *(.rel.ctors)

.rela.ctors
 *(.rela.ctors)

.rel.dtors
 *(.rel.dtors)

.rela.dtors
 *(.rela.dtors)

.rel.got
 *(.rel.got)

.rela.got
 *(.rela.got)

.rel.bss
 *(.rel.bss)

.rela.bss
 *(.rela.bss)

.rel.plt
 *(.rel.plt)

.rela.plt
 *(.rela.plt)

.text           0x00000000      0x86e
 *(.vectors)
 .vectors       0x00000000       0x54 C:/Program Files (x86)/Atmel/Studio/7.0/Packs/atmel/ATmega_DFP/1.6.364/gcc/dev/atmega32/avr5/crtatmega32.o
                0x00000000                __vector_default
                0x00000000                __vectors
 *(.vectors)
 *(.progmem.gcc*)
                0x00000054                . = ALIGN (0x2)
                0x00000054                __trampolines_start = .
 *(.trampolines)
 .trampolines   0x00000054        0x0 linker stubs
 *(.trampolines*)
                0x00000054                __trampolines_end = .
 *libprintf_flt.a:*(.progmem.data)
 *libc.a:*(.progmem.data)
 *(.progmem*)
                0x00000054                . = ALIGN (0x2)
 *(.jumptables)
 *(.jumptables*)
 *(.lowtext)
 *(.lowtext*)
                0x00000054                __ctors_start = .
 *(.ctors)
                0x00000054                __ctors_end = .
                0x00000054                __dtors_start = .
 *(.dtors)
                0x00000054                __dtors_end = .
 SORT(*)(.ctors)
 SORT(*)(.dtors)
 *(.init0)
 .init0         0x00000054        0x0 C:/Program Files (x86)/Atmel/Studio/7.0/Packs/atmel/ATmega_DFP/1.6.364/gcc/dev/atmega32/avr5/crtatmega32.o
                0x00000054                __init
 *(.init0)
 *(.init1)
 *(.init1)
 *(.init2)
 .init2         0x00000054        0xc C:/Program Files (x86)/Atmel/Studio/7.0/Packs/atmel/ATmega_DFP/1.6.364/gcc/dev/atmega32/avr5/crtatmega32.o
 *(.init2)
 *(.init3)
 *(.init3)
 *(.init4)
 .init4         0x00000060       0x16 c:/program files (x86)/atmel/studio/7.0/toolchain/avr8/avr8-gnu-toolchain/bin/../lib/gcc/avr/5.4.0/avr5\libgcc.a(_copy_data.o)
                0x00000060                __do_copy_data
 .init4         0x00000076       0x10 c:/program files (x86)/atmel/studio/7.0/toolchain/avr8/avr8-gnu-toolchain/bin/../lib/gcc/avr/5.4.0/avr5\libgcc.a(_clear_bss.o)
                0x00000076                __do_clear_bss
 *(.init4)
 *(.init5)
 *(.init5)
 *(.init6)
 *(.init6)
 *(.init7)
 *(.init7)
 *(.init8)
 *(.init8)
 *(.init9)
 .init9         0x00000086        0x8 C:/Program Files (x86)/Atmel/Studio/7.0/Packs/atmel/ATmega_DFP/1.6.364/gcc/dev/atmega32/avr5/crtatmega32.o
 *(.init9)
 *(.text)
 .text          0x0000008e        0x4 C:/Program Files (x86)/Atmel/Studio/7.0/Packs/atmel/ATmega_DFP/1.6.364/gcc/dev/atmega32/avr5/crtatmega32.o
                0x0000008e                __bad_interrupt
                0x0000008e                __vector_17
                0x0000008e                __vector_19
                0x0000008e                __vector_5
                0x0000008e                __vector_4
                0x0000008e                __vector_14
                0x0000008e                __vector_16
                0x0000008e                __vector_18
                0x0000008e                __vector_20
                0x00000092                . = ALIGN (0x2)
 *(.text.*)
 .text.F1       0x00000092        0x6 main.o
                0x00000092                F1
 .text.F2       0x00000098        0x6 main.o
                0x00000098                F2
 .text.F3       0x0000009e        0x6 main.o
                0x0000009e                F3
 .text.F4       0x000000a4        0x6 main.o
                0x000000a4                F4
 .text.startup.main
                0x000000aa       0x4c main.o
                0x000000aa                main
 .text.DIO_TogglePIN
                0x000000f6       0x6a MCAL/DIO.o
                0x000000f6                DIO_TogglePIN
 .text.DIO_Init
                0x00000160      0x1bc MCAL/DIO.o
                0x00000160                DIO_Init
 .text.__vector_1
                0x0000031c       0x52 MCAL/EX_Interrupt.o
                0x0000031c                __vector_1
 .text.__vector_2
                0x0000036e       0x52 MCAL/EX_Interrupt.o
                0x0000036e                __vector_2
 .text.__vector_3
                0x000003c0       0x52 MCAL/EX_Interrupt.o
                0x000003c0                __vector_3
 .text.__vector_12
                0x00000412       0x52 MCAL/SPI.o
                0x00000412                __vector_12
 .text.__vector_11
                0x00000464       0x52 MCAL/Timers.o
                0x00000464                __vector_11
 .text.__vector_10
                0x000004b6       0x52 MCAL/Timers.o
                0x000004b6                __vector_10
 .text.Timer1_Init
                0x00000508       0x78 MCAL/Timers.o
                0x00000508                Timer1_Init
 .text.Timer1_OCA_InterruptEnable
                0x00000580        0x8 MCAL/Timers.o
                0x00000580                Timer1_OCA_InterruptEnable
 .text.Timer1_OCA_SetCallBack
                0x00000588        0xa MCAL/Timers.o
                0x00000588                Timer1_OCA_SetCallBack
 .text.__vector_9
                0x00000592       0x52 MCAL/Timers.o
                0x00000592                __vector_9
 .text.__vector_7
                0x000005e4       0x52 MCAL/Timers.o
                0x000005e4                __vector_7
 .text.__vector_8
                0x00000636       0x52 MCAL/Timers.o
                0x00000636                __vector_8
 .text.__vector_6
                0x00000688       0x52 MCAL/Timers.o
                0x00000688                __vector_6
 .text.__vector_13
                0x000006da       0x52 MCAL/UART.o
                0x000006da                __vector_13
 .text.__vector_15
                0x0000072c       0x52 MCAL/UART.o
                0x0000072c                __vector_15
 .text.Scheduler
                0x0000077e       0x4e RTOS/Kernel_Program.o
 .text.RTOS_voidStart
                0x000007cc       0x10 RTOS/Kernel_Program.o
                0x000007cc                RTOS_voidStart
 .text.RTOS_u8CreateTask
                0x000007dc       0x28 RTOS/Kernel_Program.o
                0x000007dc                RTOS_u8CreateTask
 .text.Timer1_SetInterruptTime_ms
                0x00000804       0x3e SERVICE/Timers_Services.o
                0x00000804                Timer1_SetInterruptTime_ms
 .text.libgcc.div
                0x00000842       0x28 c:/program files (x86)/atmel/studio/7.0/toolchain/avr8/avr8-gnu-toolchain/bin/../lib/gcc/avr/5.4.0/avr5\libgcc.a(_udivmodhi4.o)
                0x00000842                __udivmodhi4
                0x0000086a                . = ALIGN (0x2)
 *(.fini9)
 .fini9         0x0000086a        0x0 c:/program files (x86)/atmel/studio/7.0/toolchain/avr8/avr8-gnu-toolchain/bin/../lib/gcc/avr/5.4.0/avr5\libgcc.a(_exit.o)
                0x0000086a                _exit
                0x0000086a                exit
 *(.fini9)
 *(.fini8)
 *(.fini8)
 *(.fini7)
 *(.fini7)
 *(.fini6)
 *(.fini6)
 *(.fini5)
 *(.fini5)
 *(.fini4)
 *(.fini4)
 *(.fini3)
 *(.fini3)
 *(.fini2)
 *(.fini2)
 *(.fini1)
 *(.fini1)
 *(.fini0)
 .fini0         0x0000086a        0x4 c:/program files (x86)/atmel/studio/7.0/toolchain/avr8/avr8-gnu-toolchain/bin/../lib/gcc/avr/5.4.0/avr5\libgcc.a(_exit.o)
 *(.fini0)
                0x0000086e                _etext = .

.data           0x00800060       0x20 load address 0x0000086e
                0x00800060                PROVIDE (__data_start, .)
 *(.data)
 *(.data*)
 *(.gnu.linkonce.d*)
 *(.rodata)
 *(.rodata*)
 .rodata.PinsStatusArray
                0x00800060       0x20 MCAL/DIO_cfg.o
                0x00800060                PinsStatusArray
 *(.gnu.linkonce.r*)
                0x00800080                . = ALIGN (0x2)
                0x00800080                _edata = .
                0x00800080                PROVIDE (__data_end, .)

.bss            0x00800080       0x38
                0x00800080                PROVIDE (__bss_start, .)
 *(.bss)
 *(.bss*)
 .bss.INT2_Fptr
                0x00800080        0x2 MCAL/EX_Interrupt.o
 .bss.INT1_Fptr
                0x00800082        0x2 MCAL/EX_Interrupt.o
 .bss.INT0_Fptr
                0x00800084        0x2 MCAL/EX_Interrupt.o
 .bss.SPI_Fptr  0x00800086        0x2 MCAL/SPI.o
 .bss.Timer1_ICU_Fptr
                0x00800088        0x2 MCAL/Timers.o
 .bss.Timer1_OCB_Fptr
                0x0080008a        0x2 MCAL/Timers.o
 .bss.Timer1_OCA_Fptr
                0x0080008c        0x2 MCAL/Timers.o
 .bss.Timer1_OVF_Fptr
                0x0080008e        0x2 MCAL/Timers.o
 .bss.Timer0_OC_Fptr
                0x00800090        0x2 MCAL/Timers.o
 .bss.Timer0_OVF_Fptr
                0x00800092        0x2 MCAL/Timers.o
 .bss.UART_TX_Fptr
                0x00800094        0x2 MCAL/UART.o
 .bss.UART_RX_Fptr
                0x00800096        0x2 MCAL/UART.o
 .bss.static_counter.1823
                0x00800098        0x2 RTOS/Kernel_Program.o
 .bss.arr_tasks
                0x0080009a       0x1e RTOS/Kernel_Program.o
                0x0080009a                arr_tasks
 *(COMMON)
                0x008000b8                PROVIDE (__bss_end, .)
                0x0000086e                __data_load_start = LOADADDR (.data)
                0x0000088e                __data_load_end = (__data_load_start + SIZEOF (.data))

.noinit         0x008000b8        0x0
                [!provide]                PROVIDE (__noinit_start, .)
 *(.noinit*)
                [!provide]                PROVIDE (__noinit_end, .)
                0x008000b8                _end = .
                [!provide]                PROVIDE (__heap_start, .)

.eeprom         0x00810000        0x0
 *(.eeprom*)
                0x00810000                __eeprom_end = .

.fuse
 *(.fuse)
 *(.lfuse)
 *(.hfuse)
 *(.efuse)

.lock
 *(.lock*)

.signature
 *(.signature*)

.user_signatures
 *(.user_signatures*)

.stab
 *(.stab)

.stabstr
 *(.stabstr)

.stab.excl
 *(.stab.excl)

.stab.exclstr
 *(.stab.exclstr)

.stab.index
 *(.stab.index)

.stab.indexstr
 *(.stab.indexstr)

.comment        0x00000000       0x30
 *(.comment)
 .comment       0x00000000       0x30 main.o
                                 0x31 (size before relaxing)
 .comment       0x00000030       0x31 MCAL/DIO.o
 .comment       0x00000030       0x31 MCAL/DIO_cfg.o
 .comment       0x00000030       0x31 MCAL/EX_Interrupt.o
 .comment       0x00000030       0x31 MCAL/SPI.o
 .comment       0x00000030       0x31 MCAL/Timers.o
 .comment       0x00000030       0x31 MCAL/UART.o
 .comment       0x00000030       0x31 RTOS/Kernel_Program.o
 .comment       0x00000030       0x31 SERVICE/Timers_Services.o

.note.gnu.avr.deviceinfo
                0x00000000       0x3c
 .note.gnu.avr.deviceinfo
                0x00000000       0x3c C:/Program Files (x86)/Atmel/Studio/7.0/Packs/atmel/ATmega_DFP/1.6.364/gcc/dev/atmega32/avr5/crtatmega32.o

.note.gnu.build-id
 *(.note.gnu.build-id)

.debug
 *(.debug)

.line
 *(.line)

.debug_srcinfo
 *(.debug_srcinfo)

.debug_sfnames
 *(.debug_sfnames)

.debug_aranges
 *(.debug_aranges)

.debug_pubnames
 *(.debug_pubnames)

.debug_info     0x00000000      0x4e6
 *(.debug_info .gnu.linkonce.wi.*)
 .debug_info    0x00000000      0x4e6 C:/Program Files (x86)/Atmel/Studio/7.0/Packs/atmel/ATmega_DFP/1.6.364/gcc/dev/atmega32/avr5/crtatmega32.o

.debug_abbrev   0x00000000      0x4a3
 *(.debug_abbrev)
 .debug_abbrev  0x00000000      0x4a3 C:/Program Files (x86)/Atmel/Studio/7.0/Packs/atmel/ATmega_DFP/1.6.364/gcc/dev/atmega32/avr5/crtatmega32.o

.debug_line     0x00000000      0x116
 *(.debug_line .debug_line.* .debug_line_end)
 .debug_line    0x00000000      0x116 C:/Program Files (x86)/Atmel/Studio/7.0/Packs/atmel/ATmega_DFP/1.6.364/gcc/dev/atmega32/avr5/crtatmega32.o

.debug_frame
 *(.debug_frame)

.debug_str      0x00000000      0x196
 *(.debug_str)
 .debug_str     0x00000000      0x196 C:/Program Files (x86)/Atmel/Studio/7.0/Packs/atmel/ATmega_DFP/1.6.364/gcc/dev/atmega32/avr5/crtatmega32.o

.debug_loc
 *(.debug_loc)

.debug_macinfo
 *(.debug_macinfo)

.debug_weaknames
 *(.debug_weaknames)

.debug_funcnames
 *(.debug_funcnames)

.debug_typenames
 *(.debug_typenames)

.debug_varnames
 *(.debug_varnames)

.debug_pubtypes
 *(.debug_pubtypes)

.debug_ranges
 *(.debug_ranges)

.debug_macro
 *(.debug_macro)
OUTPUT(online11.elf elf32-avr)
LOAD linker stubs
